// Jest Snapshot v1, https://goo.gl/fbAQLP

exports[`Dropdown component renders 1`] = `
ShallowWrapper {
  "length": 1,
  Symbol(enzyme.__root__): [Circular],
  Symbol(enzyme.__unrendered__): <Dropdown />,
  Symbol(enzyme.__renderer__): Object {
    "batchedUpdates": [Function],
    "getNode": [Function],
    "render": [Function],
    "simulateEvent": [Function],
    "unmount": [Function],
  },
  Symbol(enzyme.__node__): Object {
    "instance": null,
    "key": undefined,
    "nodeType": "host",
    "props": Object {
      "children": Array [
        <option
          value="option1"
        >
          option1
        </option>,
        <option
          value="option2"
        >
          option2
        </option>,
        <option
          value="option3"
        >
          option3
        </option>,
      ],
      "onChange": [Function],
    },
    "ref": null,
    "rendered": Array [
      Object {
        "instance": null,
        "key": undefined,
        "nodeType": "host",
        "props": Object {
          "children": "option1",
          "value": "option1",
        },
        "ref": null,
        "rendered": "option1",
        "type": "option",
      },
      Object {
        "instance": null,
        "key": undefined,
        "nodeType": "host",
        "props": Object {
          "children": "option2",
          "value": "option2",
        },
        "ref": null,
        "rendered": "option2",
        "type": "option",
      },
      Object {
        "instance": null,
        "key": undefined,
        "nodeType": "host",
        "props": Object {
          "children": "option3",
          "value": "option3",
        },
        "ref": null,
        "rendered": "option3",
        "type": "option",
      },
    ],
    "type": "select",
  },
  Symbol(enzyme.__nodes__): Array [
    Object {
      "instance": null,
      "key": undefined,
      "nodeType": "host",
      "props": Object {
        "children": Array [
          <option
            value="option1"
          >
            option1
          </option>,
          <option
            value="option2"
          >
            option2
          </option>,
          <option
            value="option3"
          >
            option3
          </option>,
        ],
        "onChange": [Function],
      },
      "ref": null,
      "rendered": Array [
        Object {
          "instance": null,
          "key": undefined,
          "nodeType": "host",
          "props": Object {
            "children": "option1",
            "value": "option1",
          },
          "ref": null,
          "rendered": "option1",
          "type": "option",
        },
        Object {
          "instance": null,
          "key": undefined,
          "nodeType": "host",
          "props": Object {
            "children": "option2",
            "value": "option2",
          },
          "ref": null,
          "rendered": "option2",
          "type": "option",
        },
        Object {
          "instance": null,
          "key": undefined,
          "nodeType": "host",
          "props": Object {
            "children": "option3",
            "value": "option3",
          },
          "ref": null,
          "rendered": "option3",
          "type": "option",
        },
      ],
      "type": "select",
    },
  ],
  Symbol(enzyme.__options__): Object {
    "adapter": ReactSixteenAdapter {
      "options": Object {
        "enableComponentDidUpdateOnSetState": true,
      },
    },
  },
}
`;
